// Jest Snapshot v1, https://goo.gl/fbAQLP

exports[`should render EDashboardPage correctly 1`] = `
<div>
  <span>
    Dashboard page content...
  </span>
</div>
`;
